[W][01071.866567] pw.conf      | [          conf.c: 1031 try_load_conf()] can't load config client-rt.conf: No such file or directory
[E][01071.866696] pw.conf      | [          conf.c: 1060 pw_conf_load_conf_for_context()] can't load config client-rt.conf: No such file or directory
[ALSOFT] (EE) Failed to create PipeWire event context (errno: 2)
ALSA lib confmisc.c:855:(parse_card) cannot find card '0'
ALSA lib conf.c:5204:(_snd_config_evaluate) function snd_func_card_inum returned error: No such file or directory
ALSA lib confmisc.c:422:(snd_func_concat) error evaluating strings
ALSA lib conf.c:5204:(_snd_config_evaluate) function snd_func_concat returned error: No such file or directory
ALSA lib confmisc.c:1342:(snd_func_refer) error evaluating name
ALSA lib conf.c:5204:(_snd_config_evaluate) function snd_func_refer returned error: No such file or directory
ALSA lib conf.c:5727:(snd_config_expand) Evaluate error: No such file or directory
ALSA lib pcm.c:2721:(snd_pcm_open_noupdate) Unknown PCM default
Could not open device.
--------------------------------------------------
HICHAUKITODEN GAME LOADED (WITH INPUT COOLDOWN FIX)
--------------------------------------------------
[formula] error in 'os.time()': [string "formula:os.time()"]:1: attempt to index global 'os' (a nil value)
[validator] total SCRIPT usages: 22
[validator] total deprecated usages: 15
VALIDATE OK
